\BOOKMARK [1][-]{section.1}{\376\377\004\037\004\076\004\101\004\102\004\060\004\075\004\076\004\062\004\072\004\060\000\040\004\067\004\060\004\064\004\060\004\107\004\070}{}% 1
\BOOKMARK [1][-]{section.2}{\376\377\004\037\004\100\004\070\004\074\004\065\004\100}{}% 2
\BOOKMARK [1][-]{section.3}{\376\377\000\050}{}% 3
\BOOKMARK [2][-]{subsection.3.1}{\376\377\000H\000o\000w\000\040\000t\000o\000\040\000a\000d\000d\000\040\000C\000o\000m\000m\000e\000n\000t\000s}{section.3}% 4
\BOOKMARK [2][-]{subsection.3.2}{\376\377\000H\000o\000w\000\040\000t\000o\000\040\000a\000d\000d\000\040\000T\000a\000b\000l\000e\000s}{section.3}% 5
\BOOKMARK [2][-]{subsection.3.3}{\376\377\000H\000o\000w\000\040\000t\000o\000\040\000w\000r\000i\000t\000e\000\040\000M\000a\000t\000h\000e\000m\000a\000t\000i\000c\000s}{section.3}% 6
\BOOKMARK [2][-]{subsection.3.4}{\376\377\000H\000o\000w\000\040\000t\000o\000\040\000c\000r\000e\000a\000t\000e\000\040\000S\000e\000c\000t\000i\000o\000n\000s\000\040\000a\000n\000d\000\040\000S\000u\000b\000s\000e\000c\000t\000i\000o\000n\000s}{section.3}% 7
\BOOKMARK [2][-]{subsection.3.5}{\376\377\000H\000o\000w\000\040\000t\000o\000\040\000a\000d\000d\000\040\000L\000i\000s\000t\000s}{section.3}% 8
\BOOKMARK [2][-]{subsection.3.6}{\376\377\000H\000o\000w\000\040\000t\000o\000\040\000a\000d\000d\000\040\000C\000i\000t\000a\000t\000i\000o\000n\000s\000\040\000a\000n\000d\000\040\000a\000\040\000R\000e\000f\000e\000r\000e\000n\000c\000e\000s\000\040\000L\000i\000s\000t}{section.3}% 9
